{
    "user_name": "ishisora",
    "passward": "test"
}
