{
    "user_name": "ishisora",
    "password": "test"
}
